// Jest Snapshot v1, https://goo.gl/fbAQLP

exports[`The component should render our test if the prop is true 1`] = `
<div>
  Hello World
</div>
`;
